// Jest Snapshot v1, https://goo.gl/fbAQLP

exports[`Should render the Ooms need container 1`] = `
<div>
  <div
    class="container"
  >
    <div
      class="needs"
    >
      <div
        class="needs__image-div"
      >
        <img
          alt="ooms needs"
          class="needs__image"
          src="Battery-0.svg"
        />
      </div>
    </div>
    <p
      class="needs__percentage"
    >
      %
    </p>
    <div
      class="needs"
    >
      <div
        class="needs__image-div"
      >
        <img
          alt="ooms needs"
          class="needs__image"
          src="Smiley.svg"
        />
      </div>
    </div>
    <p
      class="needs__percentage"
    >
      %
    </p>
    <div
      class="needs"
    >
      <div
        class="needs__image-div"
      >
        <img
          alt="ooms needs"
          class="needs__image"
          src="Battery-20.svg"
        />
      </div>
    </div>
    <p
      class="needs__percentage"
    >
      %
    </p>
  </div>
</div>
`;
