// Jest Snapshot v1, https://goo.gl/fbAQLP

exports[`Should render the Ooms needs 1`] = `
<div>
  <div
    class="needs"
  >
    <div
      class="needs__image-div"
    >
      <img
        alt="ooms needs"
        class="needs__image"
      />
    </div>
  </div>
  <p
    class="needs__percentage"
  >
    %
  </p>
</div>
`;
