// Jest Snapshot v1, https://goo.gl/fbAQLP

exports[`Should render the Swing Game Play screen 1`] = `
<div>
  <div
    class="swing-game-play"
  >
    <img
      alt="Animated Image"
      class="animate__animated swing-game-play__squirrel animate__bounce"
      src="squirrel.png"
    />
    <img
      alt="Animated Image"
      class="animate__animated.animate__fast swing-game-play__oom animate__swing"
      src="Group 146swingingOom.png"
    />
  </div>
</div>
`;
