// Jest Snapshot v1, https://goo.gl/fbAQLP

exports[`Should render the app 1`] = `
<div>
  <div
    class="layout"
  >
    <div
      class="layout"
    >
      <div
        class="registration"
      >
        <div
          class="registration__image"
        >
          <img
            alt="Logo image"
            class="logo__image"
            src="logo.png"
          />
        </div>
        <form
          class="registration__container"
        >
          <h1
            class="registration__heading"
          >
            Create your account
          </h1>
          <p
            class="registration__top-text"
          >
            This is the registration page
          </p>
          <div
            class="text-input-container"
          >
            <label
              class="text-input-container__label"
            >
              First Name
            </label>
            <input
              class="text-input-container__input"
            />
          </div>
          <div
            class="text-input-container"
          >
            <label
              class="text-input-container__label"
            >
              Email Address
            </label>
            <input
              class="text-input-container__input"
            />
          </div>
          <div
            class="text-input-container"
          >
            <label
              class="text-input-container__label"
            >
              Password
            </label>
            <input
              class="text-input-container__input"
            />
          </div>
          <button
            class="button-secondary"
          >
            Create your account
          </button>
          <p
            class="registration__bottom-text"
          >
            Already have an account?
             
            <a
              class="registration__link"
              href="../LogIn/LogIn.jsx"
            >
              Sign in
            </a>
          </p>
        </form>
      </div>
    </div>
  </div>
</div>
`;
